current directory: /home/runner/work/time_card/time_card/vendor/bundle/ruby/3.3.0/gems/date-3.3.4/ext/date
/opt/hostedtoolcache/Ruby/3.3.1/x64/bin/ruby extconf.rb
checking for rb_category_warn()... yes
checking for timezone in time.h with  -Werror... yes
checking for altzone in time.h with  -Werror... no
creating Makefile

current directory: /home/runner/work/time_card/time_card/vendor/bundle/ruby/3.3.0/gems/date-3.3.4/ext/date
make DESTDIR\= sitearchdir\=./.gem.20260310-2318-t2dzki sitelibdir\=./.gem.20260310-2318-t2dzki clean

current directory: /home/runner/work/time_card/time_card/vendor/bundle/ruby/3.3.0/gems/date-3.3.4/ext/date
make DESTDIR\= sitearchdir\=./.gem.20260310-2318-t2dzki sitelibdir\=./.gem.20260310-2318-t2dzki
compiling date_core.c
compiling date_parse.c
compiling date_strftime.c
compiling date_strptime.c
linking shared-object date_core.so

current directory: /home/runner/work/time_card/time_card/vendor/bundle/ruby/3.3.0/gems/date-3.3.4/ext/date
make DESTDIR\= sitearchdir\=./.gem.20260310-2318-t2dzki sitelibdir\=./.gem.20260310-2318-t2dzki install
/usr/bin/install -c -m 0755 date_core.so ./.gem.20260310-2318-t2dzki

current directory: /home/runner/work/time_card/time_card/vendor/bundle/ruby/3.3.0/gems/date-3.3.4/ext/date
make DESTDIR\= sitearchdir\=./.gem.20260310-2318-t2dzki sitelibdir\=./.gem.20260310-2318-t2dzki clean
